---
source: src/tests/integration/compatibility.rs
expression: snapshot_before_quit

---
 Total Up / Down: 46Bps / 57Bps                                                                                     
┌Utilization by process name───────────────────────────────────────────────────────────────────────────────────────┐
│Process                                              Connections              Up / Down                           │
│                                                                                                                  │
│firefox                                              3                        46Bps / 57Bps                       │
│                                                                                                                  │
│                                                                                                                  │
│                                                                                                                  │
│                                                                                                                  │
│                                                                                                                  │
│                                                                                                                  │
│                                                                                                                  │
│                                                                                                                  │
│                                                                                                                  │
│                                                                                                                  │
│                                                                                                                  │
│                                                                                                                  │
│                                                                                                                  │
│                                                                                                                  │
│                                                                                                                  │
│                                                                                                                  │
│                                                                                                                  │
│                                                                                                                  │
│                                                                                                                  │
│                                                                                                                  │
│                                                                                                                  │
└──────────────────────────────────────────────────────────────────────────────────────────────────────────────────┘
 Press <SPACE> to pause. Use <TAB> to rearrange tables. (DNS queries hidden).                                       
