---
source: src/tests/integration/compatibility.rs
expression: snapshot_before_quit

---
➜  mosaic git:(mosaic#130) emacs                                                                                                                                                                                                                                                            
➜  mosaic git:(mosaic#130) emacs -nw                                                                                                                                                                                                                                                        
➜  mosaic git:(mosaic#130) exit                                                                                                                                                                                                                                                             
█                                                                                                                                                                                                                                                                                           
                                                                                                                                                                                                                                                                                            
                                                                                                                                                                                                                                                                                            
                                                                                                                                                                                                                                                                                            
                                                                                                                                                                                                                                                                                            
                                                                                                                                                                                                                                                                                            
                                                                                                                                                                                                                                                                                            
                                                                                                                                                                                                                                                                                            
                                                                                                                                                                                                                                                                                            
                                                                                                                                                                                                                                                                                            
                                                                                                                                                                                                                                                                                            
                                                                                                                                                                                                                                                                                            
                                                                                                                                                                                                                                                                                            
                                                                                                                                                                                                                                                                                            
                                                                                                                                                                                                                                                                                            
                                                                                                                                                                                                                                                                                            
                                                                                                                                                                                                                                                                                            
                                                                                                                                                                                                                                                                                            
                                                                                                                                                                                                                                                                                            
                                                                                                                                                                                                                                                                                            
                                                                                                                                                                                                                                                                                            
                                                                                                                                                                                                                                                                                            
                                                                                                                                                                                                                                                                                            
                                                                                                                                                                                                                                                                                            
                                                                                                                                                                                                                                                                                            
                                                                                                                                                                                                                                                                                            
                                                                                                                                                                                                                                                                                            
                                                                                                                                                                                                                                                                                            
                                                                                                                                                                                                                                                                                            
                                                                                                                                                                                                                                                                                            
                                                                                                                                                                                                                                                                                            
                                                                                                                                                                                                                                                                                            
                                                                                                                                                                                                                                                                                            
                                                                                                                                                                                                                                                                                            
                                                                                                                                                                                                                                                                                            
                                                                                                                                                                                                                                                                                            
                                                                                                                                                                                                                                                                                            
                                                                                                                                                                                                                                                                                            
                                                                                                                                                                                                                                                                                            
                                                                                                                                                                                                                                                                                            
                                                                                                                                                                                                                                                                                            
                                                                                                                                                                                                                                                                                            
                                                                                                                                                                                                                                                                                            
                                                                                                                                                                                                                                                                                            
                                                                                                                                                                                                                                                                                            
                                                                                                                                                                                                                                                                                            
                                                                                                                                                                                                                                                                                            
                                                                                                                                                                                                                                                                                            
                                                                                                                                                                                                                                                                                            
                                                                                                                                                                                                                                                                                            
                                                                                                                                                                                                                                                                                            
                                                                                                                                                                                                                                                                                            
                                                                                                                                                                                                                                                                                            
                                                                                                                                                                                                                                                                                            
                                                                                                                                                                                                                                                                                            
                                                                                                                                                                                                                                                                                            
                                                                                                                                                                                                                                                                                            
